// Jest Snapshot v1, https://goo.gl/fbAQLP

exports[`AppBar tests Should match the snapshot 1`] = `
<div
  className="appbar"
>
  <h2>
    Home
  </h2>
</div>
`;
